Program Version,EnergyPlus, Version 25.1.0-68a4a7c774, YMD=2026.06.23 11:18,
   ** Warning ** Output:PreprocessorMessage="GroundTempCalc - Slab" has the following Warning condition:
   **   ~~~   ** Slab thickness [0.100 m] reset to 0.122 m  for computational stability.
   ************* Beginning Zone Sizing Calculations
   ** Warning ** CalculateZoneVolume: 1 zone is not fully enclosed. For more details use:  Output:Diagnostics,DisplayExtrawarnings; 
   ** Warning ** CheckUsedConstructions: There are 12 nominally unused constructions in input.
   **   ~~~   ** For explicit details on each unused construction, use Output:Diagnostics,DisplayExtraWarnings;
   ** Warning ** AirflowNetwork::Solver::get_input: AirflowNetwork:SimulationControl object, 
   **   ~~~   ** ..Specified AirflowNetwork Control = "MultizoneWithDistribution" and ZoneVentilation:* objects are present.
   **   ~~~   ** ..ZoneVentilation objects will not be simulated.
   ************* Beginning System Sizing Calculations
   ************* Beginning Plant Sizing Calculations
   ** Warning ** The Standard Ratings is calculated for Coil:Cooling:DX:SingleSpeed = DX COOLING COIL_UNIT1 but not at the AHRI test condition due to curve out of bound.
   **   ~~~   **  Review the Standard Ratings calculations in the Engineering Reference for this coil type. Also, use Output:Diagnostics, DisplayExtraWarnings for further guidance.
   ** Warning ** Coil:WaterHeating:AirToWaterHeatPump:Wrapped "HEAT PUMP WATER HEATER EVAPORATOR_UNIT1": Rated air volume flow rate per watt of rated total water heating capacity is out of range
   **   ~~~   ** Min Rated Vol Flow Per Watt=[4.027E-005], Rated Vol Flow Per Watt=[1.260E-004], Max Rated Vol Flow Per Watt=[8.056E-005]. See Input-Output Reference Manual for valid range.
   ** Warning ** Water heater = WATER HEATER_TANK_UNIT1:  Recovery Efficiency and Energy Factor could not be calculated during the test for standard ratings
   **   ~~~   ** Setpoint was never recovered and/or heater never turned on
   ** Warning ** Check input. Pump nominal power or motor efficiency is set to 0, for pump=MAINS PRESSURE_UNIT1
   ************* Testing Individual Branch Integrity
   ************* All Branches passed integrity testing
   ************* Testing Individual Supply Air Path Integrity
   ************* All Supply Air Paths passed integrity testing
   ************* Testing Individual Return Air Path Integrity
   ************* All Return Air Paths passed integrity testing
   ************* No node connection errors were found.
   ************* Beginning Simulation
   ** Warning ** AirflowNetwork::Solver::validate_distribution: Heat pump water heater is simulated along with an AirflowNetwork but is not included in the AirflowNetwork.
   ** Warning ** AirflowNetwork::Solver::validate_distribution: A ZoneHVAC:EnergyRecoveryVentilator is simulated along with an AirflowNetwork but is not included in the AirflowNetwork.
