Program Version,EnergyPlus, Version 25.1.0-68a4a7c774, YMD=2026.04.28 08:32,
   ** Warning ** Output:PreprocessorMessage="GroundTempCalc - Slab" has the following Warning condition:
   **   ~~~   ** Slab thickness [0.100 m] reset to 0.122 m  for computational stability.
   ************* Beginning Zone Sizing Calculations
   ** Warning ** CalculateZoneVolume: 1 zone is not fully enclosed. For more details use:  Output:Diagnostics,DisplayExtrawarnings; 
   ** Warning ** CheckUsedConstructions: There are 12 nominally unused constructions in input.
   **   ~~~   ** For explicit details on each unused construction, use Output:Diagnostics,DisplayExtraWarnings;
   ** Warning ** AirflowNetwork::Solver::get_input: AirflowNetwork:SimulationControl object, 
   **   ~~~   ** ..Specified AirflowNetwork Control = "MultizoneWithDistribution" and ZoneVentilation:* objects are present.
   **   ~~~   ** ..ZoneVentilation objects will not be simulated.
   ************* Beginning System Sizing Calculations
   ************* Beginning Plant Sizing Calculations
   ** Warning ** The Standard Ratings is calculated for Coil:Cooling:DX:SingleSpeed = DX COOLING COIL_UNIT1 but not at the AHRI test condition due to curve out of bound.
   **   ~~~   **  Review the Standard Ratings calculations in the Engineering Reference for this coil type. Also, use Output:Diagnostics, DisplayExtraWarnings for further guidance.
   ** Warning ** Coil:WaterHeating:AirToWaterHeatPump:Wrapped "HEAT PUMP WATER HEATER EVAPORATOR_UNIT1": Rated air volume flow rate per watt of rated total water heating capacity is out of range
   **   ~~~   ** Min Rated Vol Flow Per Watt=[4.027E-005], Rated Vol Flow Per Watt=[1.260E-004], Max Rated Vol Flow Per Watt=[8.056E-005]. See Input-Output Reference Manual for valid range.
   ** Warning ** Water heater = WATER HEATER_TANK_UNIT1:  Recovery Efficiency and Energy Factor could not be calculated during the test for standard ratings
   **   ~~~   ** Setpoint was never recovered and/or heater never turned on
   ** Warning ** Check input. Pump nominal power or motor efficiency is set to 0, for pump=MAINS PRESSURE_UNIT1
   ************* Testing Individual Branch Integrity
   ************* All Branches passed integrity testing
   ************* Testing Individual Supply Air Path Integrity
   ************* All Supply Air Paths passed integrity testing
   ************* Testing Individual Return Air Path Integrity
   ************* All Return Air Paths passed integrity testing
   ************* No node connection errors were found.
   ************* Beginning Simulation
   ** Warning ** AirflowNetwork::Solver::validate_distribution: Heat pump water heater is simulated along with an AirflowNetwork but is not included in the AirflowNetwork.
   ** Warning ** AirflowNetwork::Solver::validate_distribution: A ZoneHVAC:EnergyRecoveryVentilator is simulated along with an AirflowNetwork but is not included in the AirflowNetwork.
   ** Warning ** CalcEquipmentFlowRates: "CLOTHES WASHER_UNIT1" - Target water temperature is greater than the hot water temperature by (2.60 C)
   **   ~~~   **  Environment=BRUSSELS ANNUAL COOLING 1% CONDNS DB=>MWB, at Simulation time=07/27 00:00 - 00:15
   **   ~~~   ** ...target water temperature     = 48.89 C
   **   ~~~   ** ...hot water temperature        = 46.29 C
   **   ~~~   ** ...Target water temperature should be less than or equal to the hot water temperature. Verify temperature setpoints and schedules.
   ** Warning ** CalcEquipmentFlowRates: "DISHWASHER_UNIT1" - Target water temperature is greater than the hot water temperature by (2.60 C)
   **   ~~~   **  Environment=BRUSSELS ANNUAL COOLING 1% CONDNS DB=>MWB, at Simulation time=07/27 00:00 - 00:15
   **   ~~~   ** ...target water temperature     = 48.89 C
   **   ~~~   ** ...hot water temperature        = 46.29 C
   **   ~~~   ** ...Target water temperature should be less than or equal to the hot water temperature. Verify temperature setpoints and schedules.
   ** Warning ** Processing Monthly Tabular Reports: Variable names not valid for this simulation
   **   ~~~   ** ...use Output:Diagnostics,DisplayExtraWarnings; to show more details on individual variables.
   ** Warning ** CalcEquipmentFlowRates: "SINKS_UNIT1" - Target water temperature is greater than the hot water temperature by (5.06E-002 C)
   **   ~~~   **  Environment=BRUSSELS ANNUAL HEATING 99.6% CONDNS DB, at Simulation time=01/15 00:30 - 00:45
   **   ~~~   ** ...target water temperature     = 40.56 C
   **   ~~~   ** ...hot water temperature        = 40.50 C
   **   ~~~   ** ...Target water temperature should be less than or equal to the hot water temperature. Verify temperature setpoints and schedules.
   ** Warning ** CalcEquipmentFlowRates: "SHOWERS_UNIT1" - Target water temperature is greater than the hot water temperature by (5.06E-002 C)
   **   ~~~   **  Environment=BRUSSELS ANNUAL HEATING 99.6% CONDNS DB, at Simulation time=01/15 00:30 - 00:45
   **   ~~~   ** ...target water temperature     = 40.56 C
   **   ~~~   ** ...hot water temperature        = 40.50 C
   **   ~~~   ** ...Target water temperature should be less than or equal to the hot water temperature. Verify temperature setpoints and schedules.
   ** Warning ** CalcEquipmentFlowRates: "BATHS_UNIT1" - Target water temperature is greater than the hot water temperature by (5.06E-002 C)
   **   ~~~   **  Environment=BRUSSELS ANNUAL HEATING 99.6% CONDNS DB, at Simulation time=01/15 00:30 - 00:45
   **   ~~~   ** ...target water temperature     = 40.56 C
   **   ~~~   ** ...hot water temperature        = 40.50 C
   **   ~~~   ** ...Target water temperature should be less than or equal to the hot water temperature. Verify temperature setpoints and schedules.
   ** Warning ** SimHVAC: Maximum iterations (20) exceeded for all HVAC loops, at ANNUAL, 02/06 11:45 - 11:49
   **   ~~~   ** The solution for one or more of the Air Loop HVAC systems did not appear to converge
   **   ~~~   ** ...use Output:Diagnostics,DisplayExtraWarnings; to show more details on each max iteration exceeded.
   ** Warning ** SimHVAC: Maximum iterations (20) exceeded for all HVAC loops, at ANNUAL, 02/07 11:50 - 11:55
   **   ~~~   ** The solution for one or more of the Air Loop HVAC systems did not appear to converge
   ** Warning ** CalcDoe2DXCoil: Coil:WaterHeating:AirToWaterHeatPump:Wrapped "HEAT PUMP WATER HEATER EVAPORATOR_UNIT1" - Full load outlet air dry-bulb temperature < 2C. This indicates the possibility of coil frost/freeze. Outlet temperature = 0.86 C.
   **   ~~~   **  ...Occurrence info = ANNUAL, 02/19 11:45 - 11:50
   **   ~~~   ** ... Possible reasons for low outlet air dry-bulb temperatures are: This DX coil
   **   ~~~   **    1) may have a low inlet air dry-bulb temperature. Inlet air temperature = 10.003 C.
   **   ~~~   **    2) may have a low air flow rate per watt of cooling capacity. Check inputs.
   **   ~~~   **    3) is used as part of a HX assisted cooling coil which uses a high sensible effectiveness. Check inputs.
   ** Warning ** SimHVAC: Maximum iterations (20) exceeded for all HVAC loops, at ANNUAL, 02/27 16:15 - 16:30
   **   ~~~   ** The solution for one or more of the Air Loop HVAC systems did not appear to converge
   ** Warning ** SimHVAC: Maximum iterations (20) exceeded for all HVAC loops, at ANNUAL, 03/12 11:30 - 11:38
   **   ~~~   ** The solution for one or more of the Air Loop HVAC systems did not appear to converge
   ** Warning ** SimHVAC: Maximum iterations (20) exceeded for all HVAC loops, at ANNUAL, 04/13 14:53 - 15:00
   **   ~~~   ** The solution for one or more of the Air Loop HVAC systems did not appear to converge
   ** Warning ** SimHVAC: Maximum iterations (20) exceeded for all HVAC loops, at ANNUAL, 04/14 22:00 - 22:15
   **   ~~~   ** The solution for one or more of the Air Loop HVAC systems did not appear to converge
   ** Warning ** SimHVAC: Maximum iterations (20) exceeded for all HVAC loops, at ANNUAL, 04/16 09:00 - 09:08
   **   ~~~   ** The solution for one or more of the Air Loop HVAC systems did not appear to converge
   ** Warning ** SimHVAC: Maximum iterations (20) exceeded for all HVAC loops, at ANNUAL, 05/07 05:15 - 05:22
   **   ~~~   ** The solution for one or more of the Air Loop HVAC systems did not appear to converge
   ** Warning ** SimHVAC: Maximum iterations (20) exceeded for all HVAC loops, at ANNUAL, 10/03 08:00 - 08:15
   **   ~~~   ** The solution for one or more of the Air Loop HVAC systems did not appear to converge
   ** Warning ** SimHVAC: Maximum iterations (20) exceeded for all HVAC loops, at ANNUAL, 10/13 08:00 - 08:15
   **   ~~~   ** The solution for one or more of the Air Loop HVAC systems did not appear to converge
   ** Warning ** SimHVAC: Maximum iterations (20) exceeded for all HVAC loops, at ANNUAL, 10/22 12:15 - 12:30
   **   ~~~   ** The solution for one or more of the Air Loop HVAC systems did not appear to converge
   ** Warning ** SimHVAC: Maximum iterations (20) exceeded for all HVAC loops, at ANNUAL, 10/26 07:45 - 08:00
   **   ~~~   ** The solution for one or more of the Air Loop HVAC systems did not appear to converge
   ** Warning ** SimHVAC: Maximum iterations (20) exceeded for all HVAC loops, at ANNUAL, 10/27 08:30 - 08:33
   **   ~~~   ** The solution for one or more of the Air Loop HVAC systems did not appear to converge
   ** Warning ** SimHVAC: Maximum iterations (20) exceeded for all HVAC loops, at ANNUAL, 11/04 20:45 - 21:00
   **   ~~~   ** The solution for one or more of the Air Loop HVAC systems did not appear to converge
   ************* Simulation Error Summary *************
   ** Warning ** The following Report Variables were requested but not generated -- check.rdd file
   **   ~~~   ** Either the IDF did not contain these elements, the variable name is misspelled,
   **   ~~~   ** or the requested variable is an advanced output which requires Output : Diagnostics, DisplayAdvancedReportVariables;
   ************* Key=*, VarName=ZONE VENTILATION SENSIBLE HEAT GAIN RATE, Frequency=TimeStep
   ************* Key=*, VarName=ZONE VENTILATION SENSIBLE HEAT LOSS RATE, Frequency=TimeStep
   ************* There are 24 unused schedules in input.
   ************* There are 4 unused week schedules in input.
   ************* There are 2 unused day schedules in input.
   ************* Use Output:Diagnostics,DisplayUnusedSchedules; to see them.
   *************
   ************* ===== Recurring Error Summary =====
   ************* The following recurring error messages occurred.
   *************
   *************  ** Warning ** "CLOTHES WASHER_UNIT1" - Target water temperature should be less than or equal to the hot water temperature error continues...
   *************  **   ~~~   **   This error occurred 558687 total times;
   *************  **   ~~~   **   during Warmup 0 times;
   *************  **   ~~~   **   during Sizing 0 times.
   *************  **   ~~~   **   Max=10.532572  Min=1.854572
   *************
   *************  ** Warning ** "DISHWASHER_UNIT1" - Target water temperature should be less than or equal to the hot water temperature error continues...
   *************  **   ~~~   **   This error occurred 558687 total times;
   *************  **   ~~~   **   during Warmup 0 times;
   *************  **   ~~~   **   during Sizing 0 times.
   *************  **   ~~~   **   Max=10.532572  Min=1.854572
   *************
   *************  ** Warning ** "SINKS_UNIT1" - Target water temperature should be less than or equal to the hot water temperature error continues...
   *************  **   ~~~   **   This error occurred 40883 total times;
   *************  **   ~~~   **   during Warmup 0 times;
   *************  **   ~~~   **   during Sizing 0 times.
   *************  **   ~~~   **   Max=2.199239  Min=0.000034
   *************
   *************  ** Warning ** "SHOWERS_UNIT1" - Target water temperature should be less than or equal to the hot water temperature error continues...
   *************  **   ~~~   **   This error occurred 40883 total times;
   *************  **   ~~~   **   during Warmup 0 times;
   *************  **   ~~~   **   during Sizing 0 times.
   *************  **   ~~~   **   Max=2.199239  Min=0.000034
   *************
   *************  ** Warning ** "BATHS_UNIT1" - Target water temperature should be less than or equal to the hot water temperature error continues...
   *************  **   ~~~   **   This error occurred 40883 total times;
   *************  **   ~~~   **   during Warmup 0 times;
   *************  **   ~~~   **   during Sizing 0 times.
   *************  **   ~~~   **   Max=2.199239  Min=0.000034
   *************
   *************  ** Warning ** CalcDoe2DXCoil: Coil:WaterHeating:AirToWaterHeatPump:Wrapped="HEAT PUMP WATER HEATER EVAPORATOR_UNIT1" - Full load outlet temperature indicates a possibility of frost/freeze error continues. Outlet air temperature statistics follow:
   *************  **   ~~~   **   This error occurred 365 total times;
   *************  **   ~~~   **   during Warmup 0 times;
   *************  **   ~~~   **   during Sizing 0 times.
   *************  **   ~~~   **   Max=1.997268  Min=-0.161085
   *************
   *************  ** Warning ** SimHVAC: Exceeding Maximum iterations for all HVAC loops, during ANNUAL continues
   *************  **   ~~~   **   This error occurred 10 total times;
   *************  **   ~~~   **   during Warmup 0 times;
   *************  **   ~~~   **   during Sizing 0 times.
   *************
   *************
   ************* ===== Final Error Summary =====
   ************* The following error categories occurred.  Consider correcting or noting.
   ************* Nominally Unused Constructions
   ************* ..The nominally unused constructions warning is provided to alert you to potential conditions that can cause
   ************* ..extra time during simulation. Each construction is calculated by the algorithm indicated in the HeatBalanceAlgorithm
   ************* ..object. You may remove the constructions indicated (when you use the DisplayExtraWarnings option).
   *************
   ************* EnergyPlus Warmup Error Summary. During Warmup: 2 Warning; 0 Severe Errors.
   ************* EnergyPlus Sizing Error Summary. During Sizing: 3 Warning; 0 Severe Errors.
   ************* EnergyPlus Completed Successfully-- 1240428 Warning; 0 Severe Errors; Elapsed Time=00hr 04min 11.78sec
