Program Version,EnergyPlus, Version 25.1.0-68a4a7c774, YMD=2026.03.05 10:14,
   ** Warning ** Output:PreprocessorMessage="GroundTempCalc - Slab" has the following Warning condition:
   **   ~~~   ** Slab thickness [0.100 m] reset to 0.122 m  for computational stability.
   ************* Beginning Zone Sizing Calculations
   ** Warning ** CalculateZoneVolume: 1 zone is not fully enclosed. For more details use:  Output:Diagnostics,DisplayExtrawarnings; 
   ** Warning ** CheckUsedConstructions: There are 12 nominally unused constructions in input.
   **   ~~~   ** For explicit details on each unused construction, use Output:Diagnostics,DisplayExtraWarnings;
   ** Warning ** AirflowNetwork::Solver::get_input: AirflowNetwork:SimulationControl object, 
   **   ~~~   ** ..Specified AirflowNetwork Control = "MultizoneWithDistribution" and ZoneVentilation:* objects are present.
   **   ~~~   ** ..ZoneVentilation objects will not be simulated.
   ** Warning ** Calculated design heating load for zone=LIVING_UNIT1 is zero.
   **   ~~~   ** Check Sizing:Zone and ZoneControl:Thermostat inputs.
   ************* Beginning System Sizing Calculations
   ************* Beginning Plant Sizing Calculations
   ** Warning ** The Standard Ratings is calculated for Coil:Cooling:DX:SingleSpeed = DX COOLING COIL_UNIT1 but not at the AHRI test condition due to curve out of bound.
   **   ~~~   **  Review the Standard Ratings calculations in the Engineering Reference for this coil type. Also, use Output:Diagnostics, DisplayExtraWarnings for further guidance.
   ** Warning ** Coil:WaterHeating:AirToWaterHeatPump:Wrapped "HEAT PUMP WATER HEATER EVAPORATOR_UNIT1": Rated air volume flow rate per watt of rated total water heating capacity is out of range
   **   ~~~   ** Min Rated Vol Flow Per Watt=[4.027E-005], Rated Vol Flow Per Watt=[1.260E-004], Max Rated Vol Flow Per Watt=[8.056E-005]. See Input-Output Reference Manual for valid range.
   ** Warning ** Water heater = WATER HEATER_TANK_UNIT1:  Recovery Efficiency and Energy Factor could not be calculated during the test for standard ratings
   **   ~~~   ** Setpoint was never recovered and/or heater never turned on
   ** Warning ** Check input. Pump nominal power or motor efficiency is set to 0, for pump=MAINS PRESSURE_UNIT1
   ** Warning ** AirflowNetwork::Solver::validate_distribution: Heat pump water heater is simulated along with an AirflowNetwork but is not included in the AirflowNetwork.
   ** Warning ** AirflowNetwork::Solver::validate_distribution: A ZoneHVAC:EnergyRecoveryVentilator is simulated along with an AirflowNetwork but is not included in the AirflowNetwork.
   ************* Testing Individual Branch Integrity
   ************* All Branches passed integrity testing
   ************* Testing Individual Supply Air Path Integrity
   ************* All Supply Air Paths passed integrity testing
   ************* Testing Individual Return Air Path Integrity
   ************* All Return Air Paths passed integrity testing
   ************* No node connection errors were found.
   ************* Beginning Simulation
   ** Warning ** CalcEquipmentFlowRates: "CLOTHES WASHER_UNIT1" - Target water temperature is greater than the hot water temperature by (1.75 C)
   **   ~~~   **  Environment=BRUSSELS ANNUAL COOLING 1% CONDNS DB=>MWB, at Simulation time=07/27 00:00 - 00:15
   **   ~~~   ** ...target water temperature     = 48.89 C
   **   ~~~   ** ...hot water temperature        = 47.14 C
   **   ~~~   ** ...Target water temperature should be less than or equal to the hot water temperature. Verify temperature setpoints and schedules.
   ** Warning ** CalcEquipmentFlowRates: "DISHWASHER_UNIT1" - Target water temperature is greater than the hot water temperature by (1.75 C)
   **   ~~~   **  Environment=BRUSSELS ANNUAL COOLING 1% CONDNS DB=>MWB, at Simulation time=07/27 00:00 - 00:15
   **   ~~~   ** ...target water temperature     = 48.89 C
   **   ~~~   ** ...hot water temperature        = 47.14 C
   **   ~~~   ** ...Target water temperature should be less than or equal to the hot water temperature. Verify temperature setpoints and schedules.
   ** Warning ** Processing Monthly Tabular Reports: Variable names not valid for this simulation
   **   ~~~   ** ...use Output:Diagnostics,DisplayExtraWarnings; to show more details on individual variables.
   ** Warning ** CalcEquipmentFlowRates: "SINKS_UNIT1" - Target water temperature is greater than the hot water temperature by (1.49 C)
   **   ~~~   **  Environment=BRUSSELS ANNUAL HEATING 99.6% CONDNS DB, at Simulation time=01/15 00:00 - 00:15
   **   ~~~   ** ...target water temperature     = 40.56 C
   **   ~~~   ** ...hot water temperature        = 39.07 C
   **   ~~~   ** ...Target water temperature should be less than or equal to the hot water temperature. Verify temperature setpoints and schedules.
   ** Warning ** CalcEquipmentFlowRates: "SHOWERS_UNIT1" - Target water temperature is greater than the hot water temperature by (1.49 C)
   **   ~~~   **  Environment=BRUSSELS ANNUAL HEATING 99.6% CONDNS DB, at Simulation time=01/15 00:00 - 00:15
   **   ~~~   ** ...target water temperature     = 40.56 C
   **   ~~~   ** ...hot water temperature        = 39.07 C
   **   ~~~   ** ...Target water temperature should be less than or equal to the hot water temperature. Verify temperature setpoints and schedules.
   ** Warning ** CalcEquipmentFlowRates: "BATHS_UNIT1" - Target water temperature is greater than the hot water temperature by (1.49 C)
   **   ~~~   **  Environment=BRUSSELS ANNUAL HEATING 99.6% CONDNS DB, at Simulation time=01/15 00:00 - 00:15
   **   ~~~   ** ...target water temperature     = 40.56 C
   **   ~~~   ** ...hot water temperature        = 39.07 C
   **   ~~~   ** ...Target water temperature should be less than or equal to the hot water temperature. Verify temperature setpoints and schedules.
   ** Warning ** SimHVAC: Maximum iterations (20) exceeded for all HVAC loops, at ANNUAL, 01/07 00:00 - 00:15
   **   ~~~   ** The solution for one or more of the Air Loop HVAC systems did not appear to converge
   **   ~~~   ** ...use Output:Diagnostics,DisplayExtraWarnings; to show more details on each max iteration exceeded.
   ** Warning ** CalcDoe2DXCoil: Coil:Cooling:DX:SingleSpeed "DX COOLING COIL_UNIT1" - Air-cooled condenser inlet dry-bulb temperature below 0 C. Outdoor dry-bulb temperature = -1.15
   **   ~~~   **  ... Occurrence info = ANNUAL, 01/07 00:00 - 00:03
   **   ~~~   ** ... Operation at low ambient temperatures may require special performance curves.
   ** Warning ** CalcDoe2DXCoil: Coil:Cooling:DX:SingleSpeed "DX COOLING COIL_UNIT1" - Full load outlet air dry-bulb temperature < 2C. This indicates the possibility of coil frost/freeze. Outlet temperature = 1.87 C.
   **   ~~~   **  ...Occurrence info = ANNUAL, 01/24 16:11 - 16:15
   **   ~~~   ** ... Possible reasons for low outlet air dry-bulb temperatures are: This DX coil
   **   ~~~   **    1) may have a low inlet air dry-bulb temperature. Inlet air temperature = 20.137 C.
   **   ~~~   **    2) may have a low air flow rate per watt of cooling capacity. Check inputs.
   **   ~~~   **    3) is used as part of a HX assisted cooling coil which uses a high sensible effectiveness. Check inputs.
   ** Warning ** SimHVAC: Maximum iterations (20) exceeded for all HVAC loops, at ANNUAL, 02/10 19:45 - 20:00
   **   ~~~   ** The solution for one or more of the Air Loop HVAC systems did not appear to converge
   ** Warning ** SimHVAC: Maximum iterations (20) exceeded for all HVAC loops, at ANNUAL, 02/11 11:23 - 11:30
   **   ~~~   ** The solution for one or more of the Air Loop HVAC systems did not appear to converge
   ** Warning ** CalcDoe2DXCoil: Coil:WaterHeating:AirToWaterHeatPump:Wrapped "HEAT PUMP WATER HEATER EVAPORATOR_UNIT1" - Full load outlet air dry-bulb temperature < 2C. This indicates the possibility of coil frost/freeze. Outlet temperature = 0.86 C.
   **   ~~~   **  ...Occurrence info = ANNUAL, 02/19 11:45 - 11:50
   **   ~~~   ** ... Possible reasons for low outlet air dry-bulb temperatures are: This DX coil
   **   ~~~   **    1) may have a low inlet air dry-bulb temperature. Inlet air temperature = 10.003 C.
   **   ~~~   **    2) may have a low air flow rate per watt of cooling capacity. Check inputs.
   **   ~~~   **    3) is used as part of a HX assisted cooling coil which uses a high sensible effectiveness. Check inputs.
   ** Warning ** SimHVAC: Maximum iterations (20) exceeded for all HVAC loops, at ANNUAL, 02/27 11:15 - 11:22
   **   ~~~   ** The solution for one or more of the Air Loop HVAC systems did not appear to converge
   ** Warning ** SimHVAC: Maximum iterations (20) exceeded for all HVAC loops, at ANNUAL, 03/08 21:15 - 21:30
   **   ~~~   ** The solution for one or more of the Air Loop HVAC systems did not appear to converge
   ** Warning ** SimHVAC: Maximum iterations (20) exceeded for all HVAC loops, at ANNUAL, 03/27 04:15 - 04:30
   **   ~~~   ** The solution for one or more of the Air Loop HVAC systems did not appear to converge
   ** Warning ** SimHVAC: Maximum iterations (20) exceeded for all HVAC loops, at ANNUAL, 04/05 11:00 - 11:15
   **   ~~~   ** The solution for one or more of the Air Loop HVAC systems did not appear to converge
   ** Warning ** SimHVAC: Maximum iterations (20) exceeded for all HVAC loops, at ANNUAL, 04/14 09:40 - 09:45
   **   ~~~   ** The solution for one or more of the Air Loop HVAC systems did not appear to converge
   ** Warning ** SimHVAC: Maximum iterations (20) exceeded for all HVAC loops, at ANNUAL, 04/22 18:56 - 19:00
   **   ~~~   ** The solution for one or more of the Air Loop HVAC systems did not appear to converge
   ** Warning ** SimHVAC: Maximum iterations (20) exceeded for all HVAC loops, at ANNUAL, 04/25 07:15 - 07:19
   **   ~~~   ** The solution for one or more of the Air Loop HVAC systems did not appear to converge
   ** Warning ** SimHVAC: Maximum iterations (20) exceeded for all HVAC loops, at ANNUAL, 05/04 11:30 - 11:45
   **   ~~~   ** The solution for one or more of the Air Loop HVAC systems did not appear to converge
   ** Warning ** SimHVAC: Maximum iterations (20) exceeded for all HVAC loops, at ANNUAL, 05/19 23:15 - 23:30
   **   ~~~   ** The solution for one or more of the Air Loop HVAC systems did not appear to converge
   ** Warning ** SimHVAC: Maximum iterations (20) exceeded for all HVAC loops, at ANNUAL, 05/23 07:39 - 07:42
   **   ~~~   ** The solution for one or more of the Air Loop HVAC systems did not appear to converge
   ** Warning ** SimHVAC: Maximum iterations (20) exceeded for all HVAC loops, at ANNUAL, 07/03 16:12 - 16:15
   **   ~~~   ** The solution for one or more of the Air Loop HVAC systems did not appear to converge
   ************* Simulation Error Summary *************
   ************* There are 24 unused schedules in input.
   ************* There are 4 unused week schedules in input.
   ************* There are 2 unused day schedules in input.
   ************* Use Output:Diagnostics,DisplayUnusedSchedules; to see them.
   *************
   ************* ===== Recurring Error Summary =====
   ************* The following recurring error messages occurred.
   *************
   *************  ** Warning ** "CLOTHES WASHER_UNIT1" - Target water temperature should be less than or equal to the hot water temperature error continues...
   *************  **   ~~~   **   This error occurred 622511 total times;
   *************  **   ~~~   **   during Warmup 0 times;
   *************  **   ~~~   **   during Sizing 0 times.
   *************  **   ~~~   **   Max=13.053295  Min=0.849596
   *************
   *************  ** Warning ** "DISHWASHER_UNIT1" - Target water temperature should be less than or equal to the hot water temperature error continues...
   *************  **   ~~~   **   This error occurred 622511 total times;
   *************  **   ~~~   **   during Warmup 0 times;
   *************  **   ~~~   **   during Sizing 0 times.
   *************  **   ~~~   **   Max=13.053295  Min=0.849596
   *************
   *************  ** Warning ** "SINKS_UNIT1" - Target water temperature should be less than or equal to the hot water temperature error continues...
   *************  **   ~~~   **   This error occurred 62381 total times;
   *************  **   ~~~   **   during Warmup 0 times;
   *************  **   ~~~   **   during Sizing 0 times.
   *************  **   ~~~   **   Max=4.719961  Min=0.000079
   *************
   *************  ** Warning ** "SHOWERS_UNIT1" - Target water temperature should be less than or equal to the hot water temperature error continues...
   *************  **   ~~~   **   This error occurred 62381 total times;
   *************  **   ~~~   **   during Warmup 0 times;
   *************  **   ~~~   **   during Sizing 0 times.
   *************  **   ~~~   **   Max=4.719961  Min=0.000079
   *************
   *************  ** Warning ** "BATHS_UNIT1" - Target water temperature should be less than or equal to the hot water temperature error continues...
   *************  **   ~~~   **   This error occurred 62381 total times;
   *************  **   ~~~   **   during Warmup 0 times;
   *************  **   ~~~   **   during Sizing 0 times.
   *************  **   ~~~   **   Max=4.719961  Min=0.000079
   *************
   *************  ** Warning ** CalcDoe2DXCoil: Coil:Cooling:DX:SingleSpeed="DX COOLING COIL_UNIT1" - Low condenser dry-bulb temperature error continues...
   *************  **   ~~~   **   This error occurred 3 total times;
   *************  **   ~~~   **   during Warmup 0 times;
   *************  **   ~~~   **   during Sizing 0 times.
   *************  **   ~~~   **   Max=-1.150000 [C]  Min=-4.250000 [C]
   *************
   *************  ** Warning ** CalcDoe2DXCoil: Coil:Cooling:DX:SingleSpeed="DX COOLING COIL_UNIT1" - Full load outlet temperature indicates a possibility of frost/freeze error continues. Outlet air temperature statistics follow:
   *************  **   ~~~   **   This error occurred 132 total times;
   *************  **   ~~~   **   during Warmup 0 times;
   *************  **   ~~~   **   during Sizing 0 times.
   *************  **   ~~~   **   Max=1.953322  Min=0.735166
   *************
   *************  ** Warning ** CalcDoe2DXCoil: Coil:WaterHeating:AirToWaterHeatPump:Wrapped="HEAT PUMP WATER HEATER EVAPORATOR_UNIT1" - Full load outlet temperature indicates a possibility of frost/freeze error continues. Outlet air temperature statistics follow:
   *************  **   ~~~   **   This error occurred 385 total times;
   *************  **   ~~~   **   during Warmup 0 times;
   *************  **   ~~~   **   during Sizing 0 times.
   *************  **   ~~~   **   Max=1.999234  Min=-0.161092
   *************
   *************  ** Warning ** SimHVAC: Exceeding Maximum iterations for all HVAC loops, during ANNUAL continues
   *************  **   ~~~   **   This error occurred 10 total times;
   *************  **   ~~~   **   during Warmup 0 times;
   *************  **   ~~~   **   during Sizing 0 times.
   *************
   *************
   ************* ===== Final Error Summary =====
   ************* The following error categories occurred.  Consider correcting or noting.
   ************* Nominally Unused Constructions
   ************* ..The nominally unused constructions warning is provided to alert you to potential conditions that can cause
   ************* ..extra time during simulation. Each construction is calculated by the algorithm indicated in the HeatBalanceAlgorithm
   ************* ..object. You may remove the constructions indicated (when you use the DisplayExtraWarnings option).
   *************
   ************* EnergyPlus Warmup Error Summary. During Warmup: 0 Warning; 0 Severe Errors.
   ************* EnergyPlus Sizing Error Summary. During Sizing: 4 Warning; 0 Severe Errors.
   ************* EnergyPlus Completed Successfully-- 1432726 Warning; 0 Severe Errors; Elapsed Time=00hr 03min 56.94sec
