Program Version,EnergyPlus, Version 25.1.0-68a4a7c774, YMD=2025.11.10 12:11,
   ** Severe  ** <root>[Coil:Heating:DX:SingleSpeed][Main DX Heating Coil_unit1][defrost_strategy] - "OnDemand" - Failed to match against any enum values.
   ** Severe  ** <root>[Coil:Heating:DX:SingleSpeed][Main DX Heating Coil_unit1][maximum_outdoor_dry_bulb_temperature_for_crankcase_heater_operation] - Value type "string" for input "ReverseCycle" not permitted by 'type' constraint.
   ** Severe  ** <root>[Coil:WaterHeating:AirToWaterHeatPump:Wrapped][Heat Pump Water Heater Evaporator_unit1][evaporator_air_temperature_type_for_curve_objects] - "HPWH-Htg-Cap-fT" - Failed to match against any enum values.
   ** Severe  ** <root>[Coil:WaterHeating:AirToWaterHeatPump:Wrapped][Heat Pump Water Heater Evaporator_unit1][maximum_ambient_temperature_for_crankcase_heater_operation] - Value type "string" for input "WetBulbTemperature" not permitted by 'type' constraint.
   ** Severe  ** <root>[HeatExchanger:AirToAir:SensibleAndLatent][OA_Heat_Recovery_Unit1][economizer_lockout] - "None" - Failed to match against any enum values.
   ** Severe  ** <root>[HeatExchanger:AirToAir:SensibleAndLatent][OA_Heat_Recovery_Unit1][frost_control_type] - "ERVexhaustnode_unit1" - Failed to match against any enum values.
   ** Severe  ** <root>[HeatExchanger:AirToAir:SensibleAndLatent][OA_Heat_Recovery_Unit1][heat_exchanger_type] - "Zone Exhaust Node_unit1" - Failed to match against any enum values.
   ** Severe  ** <root>[HeatExchanger:AirToAir:SensibleAndLatent][OA_Heat_Recovery_Unit1][initial_defrost_time_fraction] - Value type "string" for input "No" not permitted by 'type' constraint.
   ** Severe  ** <root>[HeatExchanger:AirToAir:SensibleAndLatent][OA_Heat_Recovery_Unit1][nominal_electric_power] - Value type "string" for input "outdoor air node_unit1" not permitted by 'type' constraint.
   ** Severe  ** <root>[HeatExchanger:AirToAir:SensibleAndLatent][OA_Heat_Recovery_Unit1][rate_of_defrost_time_fraction_increase] - Value type "string" for input "Plate" not permitted by 'type' constraint.
   ** Severe  ** <root>[HeatExchanger:AirToAir:SensibleAndLatent][OA_Heat_Recovery_Unit1][supply_air_outlet_temperature_control] - "OA fan inlet node_unit1" - Failed to match against any enum values.
   ** Severe  ** <root>[People][people_unit1][mean_radiant_temperature_calculation_type] - "ZoneAveraged" - Failed to match against any enum values.
   **  Fatal  ** Errors occurred on processing input file. Preceding condition(s) cause termination.
   ...Summary of Errors that led to program termination:
   ..... Reference severe error count=12
   ..... Last severe error=<root>[People][people_unit1][mean_radiant_temperature_calculation_type] - "ZoneAveraged" - Failed to match against any enum values.
   ************* Warning:  Node connection errors not checked - most system input has not been read (see previous warning).
   ************* Fatal error -- final processing.  Program exited before simulations began.  See previous error messages.
   ************* EnergyPlus Warmup Error Summary. During Warmup: 0 Warning; 0 Severe Errors.
   ************* EnergyPlus Sizing Error Summary. During Sizing: 0 Warning; 0 Severe Errors.
   ************* EnergyPlus Terminated--Fatal Error Detected. 0 Warning; 12 Severe Errors; Elapsed Time=00hr 00min  0.10sec
