Program Version,EnergyPlus, Version 25.1.0-68a4a7c774, YMD=2026.03.31 08:11,
   ** Warning ** Output:PreprocessorMessage="GroundTempCalc - Slab" has the following Warning condition:
   **   ~~~   ** Slab thickness [0.100 m] reset to 0.122 m  for computational stability.
   ************* Beginning Zone Sizing Calculations
   ** Warning ** CalculateZoneVolume: 1 zone is not fully enclosed. For more details use:  Output:Diagnostics,DisplayExtrawarnings; 
   ** Warning ** CheckUsedConstructions: There are 12 nominally unused constructions in input.
   **   ~~~   ** For explicit details on each unused construction, use Output:Diagnostics,DisplayExtraWarnings;
   ** Warning ** AirflowNetwork::Solver::get_input: AirflowNetwork:SimulationControl object, 
   **   ~~~   ** ..Specified AirflowNetwork Control = "MultizoneWithDistribution" and ZoneVentilation:* objects are present.
   **   ~~~   ** ..ZoneVentilation objects will not be simulated.
   ************* Beginning System Sizing Calculations
   ************* Beginning Plant Sizing Calculations
   ** Warning ** The Standard Ratings is calculated for Coil:Cooling:DX:SingleSpeed = DX COOLING COIL_UNIT1 but not at the AHRI test condition due to curve out of bound.
   **   ~~~   **  Review the Standard Ratings calculations in the Engineering Reference for this coil type. Also, use Output:Diagnostics, DisplayExtraWarnings for further guidance.
   ** Warning ** Coil:WaterHeating:AirToWaterHeatPump:Wrapped "HEAT PUMP WATER HEATER EVAPORATOR_UNIT1": Rated air volume flow rate per watt of rated total water heating capacity is out of range
   **   ~~~   ** Min Rated Vol Flow Per Watt=[4.027E-005], Rated Vol Flow Per Watt=[1.260E-004], Max Rated Vol Flow Per Watt=[8.056E-005]. See Input-Output Reference Manual for valid range.
   ** Warning ** Water heater = WATER HEATER_TANK_UNIT1:  Recovery Efficiency and Energy Factor could not be calculated during the test for standard ratings
   **   ~~~   ** Setpoint was never recovered and/or heater never turned on
   ** Warning ** Check input. Pump nominal power or motor efficiency is set to 0, for pump=MAINS PRESSURE_UNIT1
   ** Warning ** AirflowNetwork::Solver::validate_distribution: Heat pump water heater is simulated along with an AirflowNetwork but is not included in the AirflowNetwork.
   ** Warning ** AirflowNetwork::Solver::validate_distribution: A ZoneHVAC:EnergyRecoveryVentilator is simulated along with an AirflowNetwork but is not included in the AirflowNetwork.
   ************* Testing Individual Branch Integrity
   ************* All Branches passed integrity testing
   ************* Testing Individual Supply Air Path Integrity
   ************* All Supply Air Paths passed integrity testing
   ************* Testing Individual Return Air Path Integrity
   ************* All Return Air Paths passed integrity testing
   ************* No node connection errors were found.
   ************* Beginning Simulation
   ** Warning ** CalcEquipmentFlowRates: "CLOTHES WASHER_UNIT1" - Target water temperature is greater than the hot water temperature by (2.61 C)
   **   ~~~   **  Environment=BRUSSELS ANNUAL COOLING 1% CONDNS DB=>MWB, at Simulation time=07/27 00:00 - 00:15
   **   ~~~   ** ...target water temperature     = 48.89 C
   **   ~~~   ** ...hot water temperature        = 46.27 C
   **   ~~~   ** ...Target water temperature should be less than or equal to the hot water temperature. Verify temperature setpoints and schedules.
   ** Warning ** CalcEquipmentFlowRates: "DISHWASHER_UNIT1" - Target water temperature is greater than the hot water temperature by (2.61 C)
   **   ~~~   **  Environment=BRUSSELS ANNUAL COOLING 1% CONDNS DB=>MWB, at Simulation time=07/27 00:00 - 00:15
   **   ~~~   ** ...target water temperature     = 48.89 C
   **   ~~~   ** ...hot water temperature        = 46.27 C
   **   ~~~   ** ...Target water temperature should be less than or equal to the hot water temperature. Verify temperature setpoints and schedules.
   ** Warning ** Processing Monthly Tabular Reports: Variable names not valid for this simulation
   **   ~~~   ** ...use Output:Diagnostics,DisplayExtraWarnings; to show more details on individual variables.
   ** Warning ** CalcEquipmentFlowRates: "SINKS_UNIT1" - Target water temperature is greater than the hot water temperature by (8.40E-002 C)
   **   ~~~   **  Environment=BRUSSELS ANNUAL HEATING 99.6% CONDNS DB, at Simulation time=01/15 01:30 - 01:45
   **   ~~~   ** ...target water temperature     = 40.56 C
   **   ~~~   ** ...hot water temperature        = 40.47 C
   **   ~~~   ** ...Target water temperature should be less than or equal to the hot water temperature. Verify temperature setpoints and schedules.
   ** Warning ** CalcEquipmentFlowRates: "SHOWERS_UNIT1" - Target water temperature is greater than the hot water temperature by (8.40E-002 C)
   **   ~~~   **  Environment=BRUSSELS ANNUAL HEATING 99.6% CONDNS DB, at Simulation time=01/15 01:30 - 01:45
   **   ~~~   ** ...target water temperature     = 40.56 C
   **   ~~~   ** ...hot water temperature        = 40.47 C
   **   ~~~   ** ...Target water temperature should be less than or equal to the hot water temperature. Verify temperature setpoints and schedules.
   ** Warning ** CalcEquipmentFlowRates: "BATHS_UNIT1" - Target water temperature is greater than the hot water temperature by (8.40E-002 C)
   **   ~~~   **  Environment=BRUSSELS ANNUAL HEATING 99.6% CONDNS DB, at Simulation time=01/15 01:30 - 01:45
   **   ~~~   ** ...target water temperature     = 40.56 C
   **   ~~~   ** ...hot water temperature        = 40.47 C
   **   ~~~   ** ...Target water temperature should be less than or equal to the hot water temperature. Verify temperature setpoints and schedules.
   ** Warning ** SimHVAC: Maximum iterations (20) exceeded for all HVAC loops, at ANNUAL, 02/19 11:00 - 11:04
   **   ~~~   ** The solution for one or more of the Air Loop HVAC systems did not appear to converge
   **   ~~~   ** ...use Output:Diagnostics,DisplayExtraWarnings; to show more details on each max iteration exceeded.
   ** Warning ** CalcDoe2DXCoil: Coil:WaterHeating:AirToWaterHeatPump:Wrapped "HEAT PUMP WATER HEATER EVAPORATOR_UNIT1" - Full load outlet air dry-bulb temperature < 2C. This indicates the possibility of coil frost/freeze. Outlet temperature = 0.86 C.
   **   ~~~   **  ...Occurrence info = ANNUAL, 02/19 11:45 - 11:50
   **   ~~~   ** ... Possible reasons for low outlet air dry-bulb temperatures are: This DX coil
   **   ~~~   **    1) may have a low inlet air dry-bulb temperature. Inlet air temperature = 10.003 C.
   **   ~~~   **    2) may have a low air flow rate per watt of cooling capacity. Check inputs.
   **   ~~~   **    3) is used as part of a HX assisted cooling coil which uses a high sensible effectiveness. Check inputs.
   ** Warning ** SimHVAC: Maximum iterations (20) exceeded for all HVAC loops, at ANNUAL, 03/15 15:30 - 15:45
   **   ~~~   ** The solution for one or more of the Air Loop HVAC systems did not appear to converge
   ** Warning ** SimHVAC: Maximum iterations (20) exceeded for all HVAC loops, at ANNUAL, 03/16 11:45 - 12:00
   **   ~~~   ** The solution for one or more of the Air Loop HVAC systems did not appear to converge
   ** Warning ** SimHVAC: Maximum iterations (20) exceeded for all HVAC loops, at ANNUAL, 03/24 15:15 - 15:22
   **   ~~~   ** The solution for one or more of the Air Loop HVAC systems did not appear to converge
   ** Warning ** SimHVAC: Maximum iterations (20) exceeded for all HVAC loops, at ANNUAL, 04/02 14:45 - 14:52
   **   ~~~   ** The solution for one or more of the Air Loop HVAC systems did not appear to converge
   ** Warning ** SimHVAC: Maximum iterations (20) exceeded for all HVAC loops, at ANNUAL, 04/02 15:00 - 15:15
   **   ~~~   ** The solution for one or more of the Air Loop HVAC systems did not appear to converge
   ** Warning ** SimHVAC: Maximum iterations (20) exceeded for all HVAC loops, at ANNUAL, 04/03 10:00 - 10:15
   **   ~~~   ** The solution for one or more of the Air Loop HVAC systems did not appear to converge
   ** Warning ** SimHVAC: Maximum iterations (20) exceeded for all HVAC loops, at ANNUAL, 04/06 10:00 - 10:04
   **   ~~~   ** The solution for one or more of the Air Loop HVAC systems did not appear to converge
   ** Warning ** SimHVAC: Maximum iterations (20) exceeded for all HVAC loops, at ANNUAL, 04/06 20:38 - 20:45
   **   ~~~   ** The solution for one or more of the Air Loop HVAC systems did not appear to converge
   ** Warning ** SimHVAC: Maximum iterations (20) exceeded for all HVAC loops, at ANNUAL, 04/09 10:10 - 10:15
   **   ~~~   ** The solution for one or more of the Air Loop HVAC systems did not appear to converge
   ** Warning ** SimHVAC: Maximum iterations (20) exceeded for all HVAC loops, at ANNUAL, 04/20 23:45 - 23:52
   **   ~~~   ** The solution for one or more of the Air Loop HVAC systems did not appear to converge
   ** Warning ** SimHVAC: Maximum iterations (20) exceeded for all HVAC loops, at ANNUAL, 04/24 08:15 - 08:30
   **   ~~~   ** The solution for one or more of the Air Loop HVAC systems did not appear to converge
   ** Warning ** SimHVAC: Maximum iterations (20) exceeded for all HVAC loops, at ANNUAL, 04/24 23:15 - 23:30
   **   ~~~   ** The solution for one or more of the Air Loop HVAC systems did not appear to converge
   ** Warning ** SimHVAC: Maximum iterations (20) exceeded for all HVAC loops, at ANNUAL, 04/28 08:45 - 09:00
   **   ~~~   ** The solution for one or more of the Air Loop HVAC systems did not appear to converge
   ************* Simulation Error Summary *************
   ** Warning ** The following Report Variables were requested but not generated -- check.rdd file
   **   ~~~   ** Either the IDF did not contain these elements, the variable name is misspelled,
   **   ~~~   ** or the requested variable is an advanced output which requires Output : Diagnostics, DisplayAdvancedReportVariables;
   ************* Key=*, VarName=ZONE VENTILATION SENSIBLE HEAT GAIN RATE, Frequency=TimeStep
   ************* Key=*, VarName=ZONE VENTILATION SENSIBLE HEAT LOSS RATE, Frequency=TimeStep
   ************* There are 24 unused schedules in input.
   ************* There are 4 unused week schedules in input.
   ************* There are 2 unused day schedules in input.
   ************* Use Output:Diagnostics,DisplayUnusedSchedules; to see them.
   *************
   ************* ===== Recurring Error Summary =====
   ************* The following recurring error messages occurred.
   *************
   *************  ** Warning ** "CLOTHES WASHER_UNIT1" - Target water temperature should be less than or equal to the hot water temperature error continues...
   *************  **   ~~~   **   This error occurred 557255 total times;
   *************  **   ~~~   **   during Warmup 0 times;
   *************  **   ~~~   **   during Sizing 0 times.
   *************  **   ~~~   **   Max=10.135437  Min=1.835225
   *************
   *************  ** Warning ** "DISHWASHER_UNIT1" - Target water temperature should be less than or equal to the hot water temperature error continues...
   *************  **   ~~~   **   This error occurred 557255 total times;
   *************  **   ~~~   **   during Warmup 0 times;
   *************  **   ~~~   **   during Sizing 0 times.
   *************  **   ~~~   **   Max=10.135437  Min=1.835225
   *************
   *************  ** Warning ** "SINKS_UNIT1" - Target water temperature should be less than or equal to the hot water temperature error continues...
   *************  **   ~~~   **   This error occurred 30013 total times;
   *************  **   ~~~   **   during Warmup 0 times;
   *************  **   ~~~   **   during Sizing 0 times.
   *************  **   ~~~   **   Max=1.802103  Min=0.000244
   *************
   *************  ** Warning ** "SHOWERS_UNIT1" - Target water temperature should be less than or equal to the hot water temperature error continues...
   *************  **   ~~~   **   This error occurred 30013 total times;
   *************  **   ~~~   **   during Warmup 0 times;
   *************  **   ~~~   **   during Sizing 0 times.
   *************  **   ~~~   **   Max=1.802103  Min=0.000244
   *************
   *************  ** Warning ** "BATHS_UNIT1" - Target water temperature should be less than or equal to the hot water temperature error continues...
   *************  **   ~~~   **   This error occurred 30013 total times;
   *************  **   ~~~   **   during Warmup 0 times;
   *************  **   ~~~   **   during Sizing 0 times.
   *************  **   ~~~   **   Max=1.802103  Min=0.000244
   *************
   *************  ** Warning ** CalcDoe2DXCoil: Coil:WaterHeating:AirToWaterHeatPump:Wrapped="HEAT PUMP WATER HEATER EVAPORATOR_UNIT1" - Full load outlet temperature indicates a possibility of frost/freeze error continues. Outlet air temperature statistics follow:
   *************  **   ~~~   **   This error occurred 358 total times;
   *************  **   ~~~   **   during Warmup 0 times;
   *************  **   ~~~   **   during Sizing 0 times.
   *************  **   ~~~   **   Max=1.995099  Min=-0.161103
   *************
   *************  ** Warning ** SimHVAC: Exceeding Maximum iterations for all HVAC loops, during ANNUAL continues
   *************  **   ~~~   **   This error occurred 30 total times;
   *************  **   ~~~   **   during Warmup 0 times;
   *************  **   ~~~   **   during Sizing 0 times.
   *************
   *************
   ************* ===== Final Error Summary =====
   ************* The following error categories occurred.  Consider correcting or noting.
   ************* Nominally Unused Constructions
   ************* ..The nominally unused constructions warning is provided to alert you to potential conditions that can cause
   ************* ..extra time during simulation. Each construction is calculated by the algorithm indicated in the HeatBalanceAlgorithm
   ************* ..object. You may remove the constructions indicated (when you use the DisplayExtraWarnings option).
   *************
   ************* EnergyPlus Warmup Error Summary. During Warmup: 0 Warning; 0 Severe Errors.
   ************* EnergyPlus Sizing Error Summary. During Sizing: 3 Warning; 0 Severe Errors.
   ************* EnergyPlus Completed Successfully-- 1204967 Warning; 0 Severe Errors; Elapsed Time=00hr 04min 51.76sec
